2025-12-03 09:51:51,777 - run_experiments - INFO - setup_logging:97 - Logging initialized. Log file: /Users/ryan.healy/DS_MSDS/Cloud-Autoscaling-using-RL/artifacts/logs/experiment_20251203_095151.log
2025-12-03 09:51:51,778 - run_experiments - INFO - main:928 - ============================================================
2025-12-03 09:51:51,778 - run_experiments - INFO - main:929 - Cloud Autoscaling RL Experiments
2025-12-03 09:51:51,778 - run_experiments - INFO - main:930 - ============================================================
2025-12-03 09:51:51,778 - run_experiments - INFO - main:931 - Configuration:
2025-12-03 09:51:51,778 - run_experiments - INFO - main:932 -   Episodes: 50
2025-12-03 09:51:51,778 - run_experiments - INFO - main:933 -   Algorithm: q-learning
2025-12-03 09:51:51,778 - run_experiments - INFO - main:934 -   Seed: 42
2025-12-03 09:51:51,778 - run_experiments - INFO - main:935 -   Results directory: /Users/ryan.healy/DS_MSDS/Cloud-Autoscaling-using-RL/artifacts/results
2025-12-03 09:51:51,778 - run_experiments - INFO - main:936 -   Plots directory: /Users/ryan.healy/DS_MSDS/Cloud-Autoscaling-using-RL/artifacts/plots
2025-12-03 09:51:51,778 - run_experiments - INFO - main:937 -   Quick mode: False
2025-12-03 09:51:51,778 - run_experiments - INFO - main:938 -   Log level: INFO
2025-12-03 09:51:51,778 - run_experiments - INFO - main:939 -   Wandb logging: disabled
2025-12-03 09:51:51,778 - run_experiments - INFO - main:944 - Generating synthetic workload data...
2025-12-03 09:51:51,778 - run_experiments - INFO - main:951 - Environment created: state_space=MultiDiscrete([3 5 3]), action_space=Discrete(3)
2025-12-03 09:51:51,779 - run_experiments - INFO - train_q_learning_agent:273 - ==================================================
2025-12-03 09:51:51,779 - run_experiments - INFO - train_q_learning_agent:274 - Found existing Q-Learning model: /Users/ryan.healy/DS_MSDS/Cloud-Autoscaling-using-RL/artifacts/models/q_learning_50ep_20251203.pkl
2025-12-03 09:51:51,779 - run_experiments - INFO - train_q_learning_agent:275 - Skipping training (use --force to retrain)
2025-12-03 09:51:51,779 - run_experiments - INFO - load_model:157 - Model loaded from /Users/ryan.healy/DS_MSDS/Cloud-Autoscaling-using-RL/artifacts/models/q_learning_50ep_20251203.pkl
2025-12-03 09:51:51,779 - run_experiments - INFO - save_results:776 - ==================================================
2025-12-03 09:51:51,779 - run_experiments - INFO - save_results:777 - Saving experiment results
2025-12-03 09:51:51,779 - run_experiments - INFO - save_results:799 - JSON results saved to /Users/ryan.healy/DS_MSDS/Cloud-Autoscaling-using-RL/artifacts/results/results_20251203_095151.json
2025-12-03 09:51:51,779 - run_experiments - INFO - main:1020 - ============================================================
2025-12-03 09:51:51,779 - run_experiments - INFO - main:1021 - EXPERIMENT SUMMARY
2025-12-03 09:51:51,779 - run_experiments - INFO - main:1022 - ============================================================
2025-12-03 09:51:51,779 - run_experiments - INFO - main:1032 - Q-Learning: reward=-36727.11, sla=0.00
2025-12-03 09:51:51,779 - run_experiments - INFO - main:1057 - ============================================================
2025-12-03 09:51:51,780 - run_experiments - INFO - main:1058 - Total runtime: 0:00:00.001132
2025-12-03 09:51:51,780 - run_experiments - INFO - main:1059 - Experiments complete!
