2025-12-03 16:17:07,065 - run_experiments - INFO - setup_logging:107 - Logging initialized. Log file: /Users/ryan.healy/DS_MSDS/Cloud-Autoscaling-using-RL/artifacts/logs/experiment_20251203_161707.log
2025-12-03 16:17:07,065 - run_experiments - INFO - main:1143 - ============================================================
2025-12-03 16:17:07,065 - run_experiments - INFO - main:1144 - Cloud Autoscaling RL Experiments
2025-12-03 16:17:07,065 - run_experiments - INFO - main:1145 - ============================================================
2025-12-03 16:17:07,065 - run_experiments - INFO - main:1146 - Configuration:
2025-12-03 16:17:07,065 - run_experiments - INFO - main:1147 -   Episodes: 100
2025-12-03 16:17:07,065 - run_experiments - INFO - main:1148 -   Algorithm: all
2025-12-03 16:17:07,065 - run_experiments - INFO - main:1149 -   Workload: seasonal
2025-12-03 16:17:07,065 - run_experiments - INFO - main:1150 -   Seed: 42
2025-12-03 16:17:07,065 - run_experiments - INFO - main:1151 -   Results directory: /Users/ryan.healy/DS_MSDS/Cloud-Autoscaling-using-RL/artifacts/results
2025-12-03 16:17:07,065 - run_experiments - INFO - main:1152 -   Plots directory: /Users/ryan.healy/DS_MSDS/Cloud-Autoscaling-using-RL/artifacts/plots
2025-12-03 16:17:07,065 - run_experiments - INFO - main:1153 -   Quick mode: True
2025-12-03 16:17:07,065 - run_experiments - INFO - main:1154 -   Log level: INFO
2025-12-03 16:17:07,065 - run_experiments - INFO - main:1155 -   Wandb logging: disabled
2025-12-03 16:17:07,065 - run_experiments - INFO - main:1160 - Generating synthetic workload data...
2025-12-03 16:17:07,066 - run_experiments - INFO - main:1171 - Applied 'seasonal' workload transformation
2025-12-03 16:17:07,066 - run_experiments - INFO - main:1178 - Environment config: cooldown=3, sla_weight=10.0
2025-12-03 16:17:07,066 - run_experiments - INFO - main:1181 - Environment created: state_space=MultiDiscrete([3 5 3]), action_space=Discrete(3)
2025-12-03 16:17:07,066 - run_experiments - INFO - run_baseline_policies:202 - ==================================================
2025-12-03 16:17:07,066 - run_experiments - INFO - run_baseline_policies:203 - Running baseline policies...
2025-12-03 16:17:07,066 - run_experiments - INFO - run_baseline_policies:204 - Number of episodes: 100
2025-12-03 16:17:07,325 - run_experiments - INFO - run_baseline_policies:236 - Random Policy completed: reward=-74095.47 ± 6717.73
2025-12-03 16:17:07,472 - run_experiments - INFO - run_baseline_policies:269 - Threshold Policy completed: reward=-18158.12 ± 0.00
2025-12-03 16:17:07,472 - run_experiments - INFO - run_baseline_policies:272 - Baseline policies evaluation complete
2025-12-03 16:17:07,472 - run_experiments - INFO - save_results:981 - ==================================================
2025-12-03 16:17:07,472 - run_experiments - INFO - save_results:982 - Saving experiment results
2025-12-03 16:17:07,473 - run_experiments - INFO - save_results:1004 - JSON results saved to /Users/ryan.healy/DS_MSDS/Cloud-Autoscaling-using-RL/artifacts/results/results_20251203_161707.json
2025-12-03 16:17:07,474 - run_experiments - INFO - train_q_learning_agent:307 - ==================================================
2025-12-03 16:17:07,474 - run_experiments - INFO - train_q_learning_agent:308 - Training Q-Learning Agent
2025-12-03 16:17:07,474 - run_experiments - INFO - train_q_learning_agent:309 -   Episodes: 100
2025-12-03 16:17:07,474 - run_experiments - INFO - train_q_learning_agent:310 -   Learning rate: 0.1
2025-12-03 16:17:07,474 - run_experiments - INFO - train_q_learning_agent:311 -   Discount factor: 0.95
2025-12-03 16:17:07,474 - run_experiments - INFO - train_q_learning_agent:312 -   Initial epsilon: 1.0
2025-12-03 16:17:07,474 - run_experiments - INFO - train_q_learning_agent:313 -   Epsilon decay: 0.995
2025-12-03 16:17:07,474 - run_experiments - INFO - train_q_learning_agent:314 -   Seed: 42
2025-12-03 16:17:08,102 - run_experiments - INFO - train_q_learning_agent:381 - Q-Learning training complete: final_reward=-42703.14, final_sla=516.16
2025-12-03 16:17:08,103 - run_experiments - INFO - save_model:168 - Model saved to /Users/ryan.healy/DS_MSDS/Cloud-Autoscaling-using-RL/artifacts/models/q_learning_seasonal_100ep_20251203.pkl
2025-12-03 16:17:08,103 - run_experiments - INFO - save_results:981 - ==================================================
2025-12-03 16:17:08,103 - run_experiments - INFO - save_results:982 - Saving experiment results
2025-12-03 16:17:08,104 - run_experiments - INFO - save_results:1004 - JSON results saved to /Users/ryan.healy/DS_MSDS/Cloud-Autoscaling-using-RL/artifacts/results/results_20251203_161708.json
2025-12-03 16:17:08,104 - run_experiments - INFO - train_sarsa_agent:444 - ==================================================
2025-12-03 16:17:08,104 - run_experiments - INFO - train_sarsa_agent:445 - Training SARSA Agent
2025-12-03 16:17:08,104 - run_experiments - INFO - train_sarsa_agent:446 -   Episodes: 100
2025-12-03 16:17:08,104 - run_experiments - INFO - train_sarsa_agent:447 -   Learning rate: 0.1
2025-12-03 16:17:08,104 - run_experiments - INFO - train_sarsa_agent:448 -   Discount factor: 0.95
2025-12-03 16:17:08,104 - run_experiments - INFO - train_sarsa_agent:449 -   Initial epsilon: 1.0
2025-12-03 16:17:08,104 - run_experiments - INFO - train_sarsa_agent:450 -   Epsilon decay: 0.995
2025-12-03 16:17:08,104 - run_experiments - INFO - train_sarsa_agent:451 -   Seed: 42
2025-12-03 16:17:08,603 - run_experiments - INFO - train_sarsa_agent:521 -   Episode 100/100: avg_reward=-41136.45, avg_sla=504.73, eps=0.606
2025-12-03 16:17:08,603 - run_experiments - INFO - train_sarsa_agent:527 - SARSA training complete: final_reward=-41136.45, final_sla=504.73
2025-12-03 16:17:08,603 - run_experiments - INFO - save_model:168 - Model saved to /Users/ryan.healy/DS_MSDS/Cloud-Autoscaling-using-RL/artifacts/models/sarsa_seasonal_100ep_20251203.pkl
2025-12-03 16:17:08,603 - run_experiments - INFO - save_results:981 - ==================================================
2025-12-03 16:17:08,603 - run_experiments - INFO - save_results:982 - Saving experiment results
2025-12-03 16:17:08,604 - run_experiments - INFO - save_results:1004 - JSON results saved to /Users/ryan.healy/DS_MSDS/Cloud-Autoscaling-using-RL/artifacts/results/results_20251203_161708.json
2025-12-03 16:17:08,826 - run_experiments - INFO - save_results:1066 - Plot saved to /Users/ryan.healy/DS_MSDS/Cloud-Autoscaling-using-RL/artifacts/plots/comparison_20251203_161708.png
2025-12-03 16:17:08,827 - run_experiments - INFO - train_dqn_agent:651 - ==================================================
2025-12-03 16:17:08,827 - run_experiments - INFO - train_dqn_agent:652 - Training DQN Agent
2025-12-03 16:17:08,827 - run_experiments - INFO - train_dqn_agent:653 -   Episodes: 100
2025-12-03 16:17:08,827 - run_experiments - INFO - train_dqn_agent:654 -   Learning rate: 0.001
2025-12-03 16:17:08,827 - run_experiments - INFO - train_dqn_agent:655 -   Discount factor: 0.99
2025-12-03 16:17:08,827 - run_experiments - INFO - train_dqn_agent:656 -   Initial epsilon: 1.0
2025-12-03 16:17:08,827 - run_experiments - INFO - train_dqn_agent:657 -   Epsilon decay: 0.995
2025-12-03 16:17:08,827 - run_experiments - INFO - train_dqn_agent:658 -   Seed: 42
2025-12-03 16:22:38,801 - run_experiments - INFO - train_dqn_agent:749 -   Episode 100/100: avg_reward=-41337.04, avg_sla=505.75, eps=0.606
2025-12-03 16:22:38,802 - run_experiments - INFO - train_dqn_agent:761 - DQN training complete: final_reward=-41337.04, final_sla=505.75
2025-12-03 16:22:38,829 - run_experiments - INFO - save_model:168 - Model saved to /Users/ryan.healy/DS_MSDS/Cloud-Autoscaling-using-RL/artifacts/models/dqn_seasonal_100ep_20251203.pkl
2025-12-03 16:22:38,829 - run_experiments - INFO - save_results:981 - ==================================================
2025-12-03 16:22:38,829 - run_experiments - INFO - save_results:982 - Saving experiment results
2025-12-03 16:22:38,830 - run_experiments - INFO - save_results:1004 - JSON results saved to /Users/ryan.healy/DS_MSDS/Cloud-Autoscaling-using-RL/artifacts/results/results_20251203_162238.json
2025-12-03 16:22:38,925 - run_experiments - INFO - save_results:1066 - Plot saved to /Users/ryan.healy/DS_MSDS/Cloud-Autoscaling-using-RL/artifacts/plots/comparison_20251203_162238.png
2025-12-03 16:22:38,926 - run_experiments - INFO - train_dqn_agent:651 - ==================================================
2025-12-03 16:22:38,926 - run_experiments - INFO - train_dqn_agent:652 - Training DOUBLE_DQN Agent
2025-12-03 16:22:38,926 - run_experiments - INFO - train_dqn_agent:653 -   Episodes: 100
2025-12-03 16:22:38,926 - run_experiments - INFO - train_dqn_agent:654 -   Learning rate: 0.001
2025-12-03 16:22:38,926 - run_experiments - INFO - train_dqn_agent:655 -   Discount factor: 0.99
2025-12-03 16:22:38,926 - run_experiments - INFO - train_dqn_agent:656 -   Initial epsilon: 1.0
2025-12-03 16:22:38,926 - run_experiments - INFO - train_dqn_agent:657 -   Epsilon decay: 0.995
2025-12-03 16:22:38,926 - run_experiments - INFO - train_dqn_agent:658 -   Seed: 42
2025-12-03 16:28:15,226 - run_experiments - INFO - train_dqn_agent:749 -   Episode 100/100: avg_reward=-41693.70, avg_sla=508.49, eps=0.606
2025-12-03 16:28:15,226 - run_experiments - INFO - train_dqn_agent:761 - DOUBLE_DQN training complete: final_reward=-41693.70, final_sla=508.49
2025-12-03 16:28:15,254 - run_experiments - INFO - save_model:168 - Model saved to /Users/ryan.healy/DS_MSDS/Cloud-Autoscaling-using-RL/artifacts/models/double_dqn_seasonal_100ep_20251203.pkl
2025-12-03 16:28:15,254 - run_experiments - INFO - save_results:981 - ==================================================
2025-12-03 16:28:15,254 - run_experiments - INFO - save_results:982 - Saving experiment results
2025-12-03 16:28:15,255 - run_experiments - INFO - save_results:1004 - JSON results saved to /Users/ryan.healy/DS_MSDS/Cloud-Autoscaling-using-RL/artifacts/results/results_20251203_162815.json
2025-12-03 16:28:15,344 - run_experiments - INFO - save_results:1066 - Plot saved to /Users/ryan.healy/DS_MSDS/Cloud-Autoscaling-using-RL/artifacts/plots/comparison_20251203_162815.png
2025-12-03 16:28:15,345 - run_experiments - INFO - train_dqn_agent:651 - ==================================================
2025-12-03 16:28:15,345 - run_experiments - INFO - train_dqn_agent:652 - Training DUELING_DQN Agent
2025-12-03 16:28:15,345 - run_experiments - INFO - train_dqn_agent:653 -   Episodes: 100
2025-12-03 16:28:15,345 - run_experiments - INFO - train_dqn_agent:654 -   Learning rate: 0.001
2025-12-03 16:28:15,345 - run_experiments - INFO - train_dqn_agent:655 -   Discount factor: 0.99
2025-12-03 16:28:15,345 - run_experiments - INFO - train_dqn_agent:656 -   Initial epsilon: 1.0
2025-12-03 16:28:15,345 - run_experiments - INFO - train_dqn_agent:657 -   Epsilon decay: 0.995
2025-12-03 16:28:15,345 - run_experiments - INFO - train_dqn_agent:658 -   Seed: 42
2025-12-03 16:35:15,527 - run_experiments - INFO - train_dqn_agent:749 -   Episode 100/100: avg_reward=-41125.96, avg_sla=504.31, eps=0.606
2025-12-03 16:35:15,527 - run_experiments - INFO - train_dqn_agent:761 - DUELING_DQN training complete: final_reward=-41125.96, final_sla=504.31
2025-12-03 16:35:15,559 - run_experiments - INFO - save_model:168 - Model saved to /Users/ryan.healy/DS_MSDS/Cloud-Autoscaling-using-RL/artifacts/models/dueling_dqn_seasonal_100ep_20251203.pkl
2025-12-03 16:35:15,559 - run_experiments - INFO - save_results:981 - ==================================================
2025-12-03 16:35:15,559 - run_experiments - INFO - save_results:982 - Saving experiment results
2025-12-03 16:35:15,560 - run_experiments - INFO - save_results:1004 - JSON results saved to /Users/ryan.healy/DS_MSDS/Cloud-Autoscaling-using-RL/artifacts/results/results_20251203_163515.json
2025-12-03 16:35:15,650 - run_experiments - INFO - save_results:1066 - Plot saved to /Users/ryan.healy/DS_MSDS/Cloud-Autoscaling-using-RL/artifacts/plots/comparison_20251203_163515.png
2025-12-03 16:35:15,651 - run_experiments - INFO - train_reinforce_agent:841 - ==================================================
2025-12-03 16:35:15,651 - run_experiments - INFO - train_reinforce_agent:842 - Training REINFORCE Agent (Policy Gradient)
2025-12-03 16:35:15,651 - run_experiments - INFO - train_reinforce_agent:843 -   Episodes: 100
2025-12-03 16:35:15,651 - run_experiments - INFO - train_reinforce_agent:844 -   Learning rate: 0.001
2025-12-03 16:35:15,651 - run_experiments - INFO - train_reinforce_agent:845 -   Discount factor: 0.99
2025-12-03 16:35:15,651 - run_experiments - INFO - train_reinforce_agent:846 -   Use baseline: True
2025-12-03 16:35:31,667 - run_experiments - INFO - train_reinforce_agent:934 -   Episode 100/100: avg_reward=-17886.85, avg_sla=342.13, avg_loss=-10.71
2025-12-03 16:35:31,668 - run_experiments - INFO - train_reinforce_agent:947 - REINFORCE training complete: final_reward=-17886.85, final_sla=342.13
2025-12-03 16:35:31,670 - run_experiments - INFO - save_model:168 - Model saved to /Users/ryan.healy/DS_MSDS/Cloud-Autoscaling-using-RL/artifacts/models/reinforce_seasonal_100ep_20251203.pkl
2025-12-03 16:35:31,670 - run_experiments - INFO - save_results:981 - ==================================================
2025-12-03 16:35:31,670 - run_experiments - INFO - save_results:982 - Saving experiment results
2025-12-03 16:35:31,671 - run_experiments - INFO - save_results:1004 - JSON results saved to /Users/ryan.healy/DS_MSDS/Cloud-Autoscaling-using-RL/artifacts/results/results_20251203_163531.json
2025-12-03 16:35:31,759 - run_experiments - INFO - save_results:1066 - Plot saved to /Users/ryan.healy/DS_MSDS/Cloud-Autoscaling-using-RL/artifacts/plots/comparison_20251203_163531.png
2025-12-03 16:35:31,759 - run_experiments - INFO - main:1259 - ============================================================
2025-12-03 16:35:31,759 - run_experiments - INFO - main:1260 - EXPERIMENT SUMMARY
2025-12-03 16:35:31,759 - run_experiments - INFO - main:1261 - ============================================================
2025-12-03 16:35:31,759 - run_experiments - INFO - main:1264 - Baseline Policies:
2025-12-03 16:35:31,759 - run_experiments - INFO - main:1266 -   Random: reward=-74095.47, sla_violations=676.26
2025-12-03 16:35:31,759 - run_experiments - INFO - main:1266 -   Threshold: reward=-18158.12, sla_violations=365.00
2025-12-03 16:35:31,759 - run_experiments - INFO - main:1271 - Q-Learning: reward=-42703.14, sla=516.16
2025-12-03 16:35:31,760 - run_experiments - INFO - main:1276 - SARSA: reward=-41136.45, sla=504.73
2025-12-03 16:35:31,760 - run_experiments - INFO - main:1282 - DQN: reward=-41337.04, sla=505.75
2025-12-03 16:35:31,760 - run_experiments - INFO - main:1287 - Double DQN: reward=-41693.70, sla=508.49
2025-12-03 16:35:31,760 - run_experiments - INFO - main:1292 - Dueling DQN: reward=-41125.96, sla=504.31
2025-12-03 16:35:31,760 - run_experiments - INFO - main:1297 - REINFORCE: reward=-17886.85, sla=342.13
2025-12-03 16:35:31,760 - run_experiments - INFO - main:1301 - ============================================================
2025-12-03 16:35:31,760 - run_experiments - INFO - main:1302 - Total runtime: 0:18:24.692933
2025-12-03 16:35:31,760 - run_experiments - INFO - main:1303 - Experiments complete!
