2025-12-03 15:28:59,659 - run_experiments - INFO - setup_logging:107 - Logging initialized. Log file: /Users/ryan.healy/DS_MSDS/Cloud-Autoscaling-using-RL/artifacts/logs/experiment_20251203_152859.log
2025-12-03 15:28:59,659 - run_experiments - INFO - main:1143 - ============================================================
2025-12-03 15:28:59,660 - run_experiments - INFO - main:1144 - Cloud Autoscaling RL Experiments
2025-12-03 15:28:59,660 - run_experiments - INFO - main:1145 - ============================================================
2025-12-03 15:28:59,660 - run_experiments - INFO - main:1146 - Configuration:
2025-12-03 15:28:59,660 - run_experiments - INFO - main:1147 -   Episodes: 100
2025-12-03 15:28:59,660 - run_experiments - INFO - main:1148 -   Algorithm: all
2025-12-03 15:28:59,660 - run_experiments - INFO - main:1149 -   Workload: smooth
2025-12-03 15:28:59,660 - run_experiments - INFO - main:1150 -   Seed: 42
2025-12-03 15:28:59,660 - run_experiments - INFO - main:1151 -   Results directory: /Users/ryan.healy/DS_MSDS/Cloud-Autoscaling-using-RL/artifacts/results
2025-12-03 15:28:59,660 - run_experiments - INFO - main:1152 -   Plots directory: /Users/ryan.healy/DS_MSDS/Cloud-Autoscaling-using-RL/artifacts/plots
2025-12-03 15:28:59,660 - run_experiments - INFO - main:1153 -   Quick mode: True
2025-12-03 15:28:59,660 - run_experiments - INFO - main:1154 -   Log level: INFO
2025-12-03 15:28:59,660 - run_experiments - INFO - main:1155 -   Wandb logging: disabled
2025-12-03 15:28:59,660 - run_experiments - INFO - main:1160 - Generating synthetic workload data...
2025-12-03 15:28:59,660 - run_experiments - INFO - main:1171 - Applied 'smooth' workload transformation
2025-12-03 15:28:59,661 - run_experiments - INFO - main:1178 - Environment config: cooldown=5, sla_weight=10.0
2025-12-03 15:28:59,661 - run_experiments - INFO - main:1181 - Environment created: state_space=MultiDiscrete([3 5 3]), action_space=Discrete(3)
2025-12-03 15:28:59,661 - run_experiments - INFO - run_baseline_policies:202 - ==================================================
2025-12-03 15:28:59,661 - run_experiments - INFO - run_baseline_policies:203 - Running baseline policies...
2025-12-03 15:28:59,661 - run_experiments - INFO - run_baseline_policies:204 - Number of episodes: 100
2025-12-03 15:28:59,915 - run_experiments - INFO - run_baseline_policies:236 - Random Policy completed: reward=-54790.72 ± 6307.98
2025-12-03 15:29:00,045 - run_experiments - INFO - run_baseline_policies:269 - Threshold Policy completed: reward=5470.81 ± 0.00
2025-12-03 15:29:00,045 - run_experiments - INFO - run_baseline_policies:272 - Baseline policies evaluation complete
2025-12-03 15:29:00,045 - run_experiments - INFO - save_results:981 - ==================================================
2025-12-03 15:29:00,045 - run_experiments - INFO - save_results:982 - Saving experiment results
2025-12-03 15:29:00,046 - run_experiments - INFO - save_results:1004 - JSON results saved to /Users/ryan.healy/DS_MSDS/Cloud-Autoscaling-using-RL/artifacts/results/results_20251203_152900.json
2025-12-03 15:29:00,046 - run_experiments - INFO - train_q_learning_agent:307 - ==================================================
2025-12-03 15:29:00,046 - run_experiments - INFO - train_q_learning_agent:308 - Training Q-Learning Agent
2025-12-03 15:29:00,047 - run_experiments - INFO - train_q_learning_agent:309 -   Episodes: 100
2025-12-03 15:29:00,047 - run_experiments - INFO - train_q_learning_agent:310 -   Learning rate: 0.1
2025-12-03 15:29:00,047 - run_experiments - INFO - train_q_learning_agent:311 -   Discount factor: 0.95
2025-12-03 15:29:00,047 - run_experiments - INFO - train_q_learning_agent:312 -   Initial epsilon: 1.0
2025-12-03 15:29:00,047 - run_experiments - INFO - train_q_learning_agent:313 -   Epsilon decay: 0.995
2025-12-03 15:29:00,047 - run_experiments - INFO - train_q_learning_agent:314 -   Seed: 42
2025-12-03 15:29:00,681 - run_experiments - INFO - train_q_learning_agent:381 - Q-Learning training complete: final_reward=-27127.36, final_sla=0.00
2025-12-03 15:29:00,682 - run_experiments - INFO - save_model:168 - Model saved to /Users/ryan.healy/DS_MSDS/Cloud-Autoscaling-using-RL/artifacts/models/q_learning_100ep_20251203.pkl
2025-12-03 15:29:00,682 - run_experiments - INFO - save_results:981 - ==================================================
2025-12-03 15:29:00,683 - run_experiments - INFO - save_results:982 - Saving experiment results
2025-12-03 15:29:00,683 - run_experiments - INFO - save_results:1004 - JSON results saved to /Users/ryan.healy/DS_MSDS/Cloud-Autoscaling-using-RL/artifacts/results/results_20251203_152900.json
2025-12-03 15:29:00,683 - run_experiments - INFO - train_sarsa_agent:444 - ==================================================
2025-12-03 15:29:00,683 - run_experiments - INFO - train_sarsa_agent:445 - Training SARSA Agent
2025-12-03 15:29:00,683 - run_experiments - INFO - train_sarsa_agent:446 -   Episodes: 100
2025-12-03 15:29:00,683 - run_experiments - INFO - train_sarsa_agent:447 -   Learning rate: 0.1
2025-12-03 15:29:00,683 - run_experiments - INFO - train_sarsa_agent:448 -   Discount factor: 0.95
2025-12-03 15:29:00,683 - run_experiments - INFO - train_sarsa_agent:449 -   Initial epsilon: 1.0
2025-12-03 15:29:00,683 - run_experiments - INFO - train_sarsa_agent:450 -   Epsilon decay: 0.995
2025-12-03 15:29:00,683 - run_experiments - INFO - train_sarsa_agent:451 -   Seed: 42
2025-12-03 15:29:01,171 - run_experiments - INFO - train_sarsa_agent:521 -   Episode 100/100: avg_reward=-23995.20, avg_sla=0.00, eps=0.606
2025-12-03 15:29:01,171 - run_experiments - INFO - train_sarsa_agent:527 - SARSA training complete: final_reward=-23995.20, final_sla=0.00
2025-12-03 15:29:01,172 - run_experiments - INFO - save_model:168 - Model saved to /Users/ryan.healy/DS_MSDS/Cloud-Autoscaling-using-RL/artifacts/models/sarsa_100ep_20251203.pkl
2025-12-03 15:29:01,172 - run_experiments - INFO - save_results:981 - ==================================================
2025-12-03 15:29:01,172 - run_experiments - INFO - save_results:982 - Saving experiment results
2025-12-03 15:29:01,173 - run_experiments - INFO - save_results:1004 - JSON results saved to /Users/ryan.healy/DS_MSDS/Cloud-Autoscaling-using-RL/artifacts/results/results_20251203_152901.json
2025-12-03 15:29:01,412 - run_experiments - INFO - save_results:1066 - Plot saved to /Users/ryan.healy/DS_MSDS/Cloud-Autoscaling-using-RL/artifacts/plots/comparison_20251203_152901.png
2025-12-03 15:29:01,412 - run_experiments - INFO - train_dqn_agent:651 - ==================================================
2025-12-03 15:29:01,412 - run_experiments - INFO - train_dqn_agent:652 - Training DQN Agent
2025-12-03 15:29:01,413 - run_experiments - INFO - train_dqn_agent:653 -   Episodes: 100
2025-12-03 15:29:01,413 - run_experiments - INFO - train_dqn_agent:654 -   Learning rate: 0.001
2025-12-03 15:29:01,413 - run_experiments - INFO - train_dqn_agent:655 -   Discount factor: 0.99
2025-12-03 15:29:01,413 - run_experiments - INFO - train_dqn_agent:656 -   Initial epsilon: 1.0
2025-12-03 15:29:01,413 - run_experiments - INFO - train_dqn_agent:657 -   Epsilon decay: 0.995
2025-12-03 15:29:01,413 - run_experiments - INFO - train_dqn_agent:658 -   Seed: 42
