2025-12-03 19:20:06,213 - run_experiments - INFO - setup_logging:107 - Logging initialized. Log file: /Users/ryan.healy/DS_MSDS/Cloud-Autoscaling-using-RL/artifacts/logs/experiment_20251203_192006.log
2025-12-03 19:20:06,213 - run_experiments - INFO - main:1143 - ============================================================
2025-12-03 19:20:06,213 - run_experiments - INFO - main:1144 - Cloud Autoscaling RL Experiments
2025-12-03 19:20:06,213 - run_experiments - INFO - main:1145 - ============================================================
2025-12-03 19:20:06,213 - run_experiments - INFO - main:1146 - Configuration:
2025-12-03 19:20:06,213 - run_experiments - INFO - main:1147 -   Episodes: 500
2025-12-03 19:20:06,213 - run_experiments - INFO - main:1148 -   Algorithm: all
2025-12-03 19:20:06,213 - run_experiments - INFO - main:1149 -   Workload: seasonal
2025-12-03 19:20:06,213 - run_experiments - INFO - main:1150 -   Seed: 42
2025-12-03 19:20:06,213 - run_experiments - INFO - main:1151 -   Results directory: /Users/ryan.healy/DS_MSDS/Cloud-Autoscaling-using-RL/artifacts/results
2025-12-03 19:20:06,213 - run_experiments - INFO - main:1152 -   Plots directory: /Users/ryan.healy/DS_MSDS/Cloud-Autoscaling-using-RL/artifacts/plots
2025-12-03 19:20:06,213 - run_experiments - INFO - main:1153 -   Quick mode: False
2025-12-03 19:20:06,213 - run_experiments - INFO - main:1154 -   Log level: INFO
2025-12-03 19:20:06,213 - run_experiments - INFO - main:1155 -   Wandb logging: enabled
2025-12-03 19:20:06,213 - run_experiments - INFO - main:1160 - Generating synthetic workload data...
2025-12-03 19:20:06,214 - run_experiments - INFO - main:1171 - Applied 'seasonal' workload transformation
2025-12-03 19:20:06,214 - run_experiments - INFO - main:1178 - Environment config: cooldown=3, sla_weight=10.0
2025-12-03 19:20:06,215 - run_experiments - INFO - main:1181 - Environment created: state_space=MultiDiscrete([3 5 3]), action_space=Discrete(3)
2025-12-03 19:20:06,215 - run_experiments - INFO - run_baseline_policies:202 - ==================================================
2025-12-03 19:20:06,215 - run_experiments - INFO - run_baseline_policies:203 - Running baseline policies...
2025-12-03 19:20:06,215 - run_experiments - INFO - run_baseline_policies:204 - Number of episodes: 100
2025-12-03 19:20:06,471 - run_experiments - INFO - run_baseline_policies:236 - Random Policy completed: reward=-74095.47 ± 6717.73
2025-12-03 19:20:06,617 - run_experiments - INFO - run_baseline_policies:269 - Threshold Policy completed: reward=-18158.12 ± 0.00
2025-12-03 19:20:06,617 - run_experiments - INFO - run_baseline_policies:272 - Baseline policies evaluation complete
2025-12-03 19:20:06,617 - run_experiments - INFO - save_results:981 - ==================================================
2025-12-03 19:20:06,617 - run_experiments - INFO - save_results:982 - Saving experiment results
2025-12-03 19:20:06,617 - run_experiments - INFO - save_results:1004 - JSON results saved to /Users/ryan.healy/DS_MSDS/Cloud-Autoscaling-using-RL/artifacts/results/results_20251203_192006.json
2025-12-03 19:20:06,618 - run_experiments - INFO - train_q_learning_agent:307 - ==================================================
2025-12-03 19:20:06,618 - run_experiments - INFO - train_q_learning_agent:308 - Training Q-Learning Agent
2025-12-03 19:20:06,618 - run_experiments - INFO - train_q_learning_agent:309 -   Episodes: 500
2025-12-03 19:20:06,618 - run_experiments - INFO - train_q_learning_agent:310 -   Learning rate: 0.1
2025-12-03 19:20:06,618 - run_experiments - INFO - train_q_learning_agent:311 -   Discount factor: 0.95
2025-12-03 19:20:06,618 - run_experiments - INFO - train_q_learning_agent:312 -   Initial epsilon: 1.0
2025-12-03 19:20:06,618 - run_experiments - INFO - train_q_learning_agent:313 -   Epsilon decay: 0.995
2025-12-03 19:20:06,618 - run_experiments - INFO - train_q_learning_agent:314 -   Seed: 42
2025-12-03 19:20:11,056 - run_experiments - INFO - train_q_learning_agent:381 - Q-Learning training complete: final_reward=-18465.73, final_sla=351.76
2025-12-03 19:20:11,774 - run_experiments - INFO - save_model:168 - Model saved to /Users/ryan.healy/DS_MSDS/Cloud-Autoscaling-using-RL/artifacts/models/q_learning_seasonal_500ep_20251203.pkl
2025-12-03 19:20:11,774 - run_experiments - INFO - save_results:981 - ==================================================
2025-12-03 19:20:11,774 - run_experiments - INFO - save_results:982 - Saving experiment results
2025-12-03 19:20:11,776 - run_experiments - INFO - save_results:1004 - JSON results saved to /Users/ryan.healy/DS_MSDS/Cloud-Autoscaling-using-RL/artifacts/results/results_20251203_192011.json
2025-12-03 19:20:11,776 - run_experiments - INFO - train_sarsa_agent:444 - ==================================================
2025-12-03 19:20:11,776 - run_experiments - INFO - train_sarsa_agent:445 - Training SARSA Agent
2025-12-03 19:20:11,776 - run_experiments - INFO - train_sarsa_agent:446 -   Episodes: 500
2025-12-03 19:20:11,776 - run_experiments - INFO - train_sarsa_agent:447 -   Learning rate: 0.1
2025-12-03 19:20:11,776 - run_experiments - INFO - train_sarsa_agent:448 -   Discount factor: 0.95
2025-12-03 19:20:11,776 - run_experiments - INFO - train_sarsa_agent:449 -   Initial epsilon: 1.0
2025-12-03 19:20:11,776 - run_experiments - INFO - train_sarsa_agent:450 -   Epsilon decay: 0.995
2025-12-03 19:20:11,776 - run_experiments - INFO - train_sarsa_agent:451 -   Seed: 42
2025-12-03 19:20:13,026 - run_experiments - INFO - train_sarsa_agent:521 -   Episode 100/500: avg_reward=-41136.45, avg_sla=504.73, eps=0.606
2025-12-03 19:20:13,560 - run_experiments - INFO - train_sarsa_agent:521 -   Episode 200/500: avg_reward=-22085.88, avg_sla=384.27, eps=0.367
2025-12-03 19:20:14,086 - run_experiments - INFO - train_sarsa_agent:521 -   Episode 300/500: avg_reward=-19743.01, avg_sla=363.92, eps=0.222
2025-12-03 19:20:14,590 - run_experiments - INFO - train_sarsa_agent:521 -   Episode 400/500: avg_reward=-18974.88, avg_sla=356.48, eps=0.135
2025-12-03 19:20:15,086 - run_experiments - INFO - train_sarsa_agent:521 -   Episode 500/500: avg_reward=-18446.62, avg_sla=350.61, eps=0.082
2025-12-03 19:20:15,086 - run_experiments - INFO - train_sarsa_agent:527 - SARSA training complete: final_reward=-18446.62, final_sla=350.61
2025-12-03 19:20:15,792 - run_experiments - INFO - save_model:168 - Model saved to /Users/ryan.healy/DS_MSDS/Cloud-Autoscaling-using-RL/artifacts/models/sarsa_seasonal_500ep_20251203.pkl
2025-12-03 19:20:15,792 - run_experiments - INFO - save_results:981 - ==================================================
2025-12-03 19:20:15,792 - run_experiments - INFO - save_results:982 - Saving experiment results
2025-12-03 19:20:15,794 - run_experiments - INFO - save_results:1004 - JSON results saved to /Users/ryan.healy/DS_MSDS/Cloud-Autoscaling-using-RL/artifacts/results/results_20251203_192015.json
2025-12-03 19:20:15,995 - run_experiments - INFO - save_results:1066 - Plot saved to /Users/ryan.healy/DS_MSDS/Cloud-Autoscaling-using-RL/artifacts/plots/comparison_20251203_192015.png
2025-12-03 19:20:15,996 - run_experiments - INFO - train_dqn_agent:651 - ==================================================
2025-12-03 19:20:15,996 - run_experiments - INFO - train_dqn_agent:652 - Training DQN Agent
2025-12-03 19:20:15,996 - run_experiments - INFO - train_dqn_agent:653 -   Episodes: 500
2025-12-03 19:20:15,996 - run_experiments - INFO - train_dqn_agent:654 -   Learning rate: 0.001
2025-12-03 19:20:15,996 - run_experiments - INFO - train_dqn_agent:655 -   Discount factor: 0.99
2025-12-03 19:20:15,996 - run_experiments - INFO - train_dqn_agent:656 -   Initial epsilon: 1.0
2025-12-03 19:20:15,996 - run_experiments - INFO - train_dqn_agent:657 -   Epsilon decay: 0.995
2025-12-03 19:20:15,996 - run_experiments - INFO - train_dqn_agent:658 -   Seed: 42
2025-12-03 19:51:47,564 - run_experiments - INFO - train_dqn_agent:749 -   Episode 100/500: avg_reward=-41337.04, avg_sla=505.75, eps=0.606
2025-12-03 20:26:38,159 - run_experiments - INFO - train_dqn_agent:749 -   Episode 200/500: avg_reward=-21948.59, avg_sla=383.66, eps=0.367
2025-12-03 20:32:30,354 - run_experiments - INFO - train_dqn_agent:749 -   Episode 300/500: avg_reward=-18913.10, avg_sla=357.73, eps=0.222
2025-12-03 20:38:33,809 - run_experiments - INFO - train_dqn_agent:749 -   Episode 400/500: avg_reward=-22451.18, avg_sla=407.99, eps=0.135
2025-12-03 20:44:30,973 - run_experiments - INFO - train_dqn_agent:749 -   Episode 500/500: avg_reward=-23553.51, avg_sla=425.58, eps=0.082
2025-12-03 20:44:30,974 - run_experiments - INFO - train_dqn_agent:761 - DQN training complete: final_reward=-23553.51, final_sla=425.58
2025-12-03 20:44:31,742 - run_experiments - INFO - save_model:168 - Model saved to /Users/ryan.healy/DS_MSDS/Cloud-Autoscaling-using-RL/artifacts/models/dqn_seasonal_500ep_20251203.pkl
2025-12-03 20:44:31,742 - run_experiments - INFO - save_results:981 - ==================================================
2025-12-03 20:44:31,742 - run_experiments - INFO - save_results:982 - Saving experiment results
2025-12-03 20:44:31,746 - run_experiments - INFO - save_results:1004 - JSON results saved to /Users/ryan.healy/DS_MSDS/Cloud-Autoscaling-using-RL/artifacts/results/results_20251203_204431.json
2025-12-03 20:44:31,843 - run_experiments - INFO - save_results:1066 - Plot saved to /Users/ryan.healy/DS_MSDS/Cloud-Autoscaling-using-RL/artifacts/plots/comparison_20251203_204431.png
2025-12-03 20:44:31,843 - run_experiments - INFO - train_dqn_agent:651 - ==================================================
2025-12-03 20:44:31,843 - run_experiments - INFO - train_dqn_agent:652 - Training DOUBLE_DQN Agent
2025-12-03 20:44:31,843 - run_experiments - INFO - train_dqn_agent:653 -   Episodes: 500
2025-12-03 20:44:31,843 - run_experiments - INFO - train_dqn_agent:654 -   Learning rate: 0.001
2025-12-03 20:44:31,843 - run_experiments - INFO - train_dqn_agent:655 -   Discount factor: 0.99
2025-12-03 20:44:31,843 - run_experiments - INFO - train_dqn_agent:656 -   Initial epsilon: 1.0
2025-12-03 20:44:31,843 - run_experiments - INFO - train_dqn_agent:657 -   Epsilon decay: 0.995
2025-12-03 20:44:31,843 - run_experiments - INFO - train_dqn_agent:658 -   Seed: 42
2025-12-03 20:49:53,847 - run_experiments - INFO - train_dqn_agent:749 -   Episode 100/500: avg_reward=-41693.70, avg_sla=508.49, eps=0.606
2025-12-03 20:55:33,459 - run_experiments - INFO - train_dqn_agent:749 -   Episode 200/500: avg_reward=-22659.14, avg_sla=390.84, eps=0.367
2025-12-03 21:01:25,868 - run_experiments - INFO - train_dqn_agent:749 -   Episode 300/500: avg_reward=-20366.35, avg_sla=375.51, eps=0.222
2025-12-03 21:07:34,135 - run_experiments - INFO - train_dqn_agent:749 -   Episode 400/500: avg_reward=-20634.29, avg_sla=381.89, eps=0.135
2025-12-03 21:13:49,675 - run_experiments - INFO - train_dqn_agent:749 -   Episode 500/500: avg_reward=-22145.63, avg_sla=403.84, eps=0.082
2025-12-03 21:13:49,678 - run_experiments - INFO - train_dqn_agent:761 - DOUBLE_DQN training complete: final_reward=-22145.63, final_sla=403.84
2025-12-03 21:13:50,544 - run_experiments - INFO - save_model:168 - Model saved to /Users/ryan.healy/DS_MSDS/Cloud-Autoscaling-using-RL/artifacts/models/double_dqn_seasonal_500ep_20251203.pkl
2025-12-03 21:13:50,544 - run_experiments - INFO - save_results:981 - ==================================================
2025-12-03 21:13:50,544 - run_experiments - INFO - save_results:982 - Saving experiment results
2025-12-03 21:13:50,550 - run_experiments - INFO - save_results:1004 - JSON results saved to /Users/ryan.healy/DS_MSDS/Cloud-Autoscaling-using-RL/artifacts/results/results_20251203_211350.json
2025-12-03 21:13:50,647 - run_experiments - INFO - save_results:1066 - Plot saved to /Users/ryan.healy/DS_MSDS/Cloud-Autoscaling-using-RL/artifacts/plots/comparison_20251203_211350.png
2025-12-03 21:13:50,648 - run_experiments - INFO - train_dqn_agent:651 - ==================================================
2025-12-03 21:13:50,648 - run_experiments - INFO - train_dqn_agent:652 - Training DUELING_DQN Agent
2025-12-03 21:13:50,648 - run_experiments - INFO - train_dqn_agent:653 -   Episodes: 500
2025-12-03 21:13:50,648 - run_experiments - INFO - train_dqn_agent:654 -   Learning rate: 0.001
2025-12-03 21:13:50,648 - run_experiments - INFO - train_dqn_agent:655 -   Discount factor: 0.99
2025-12-03 21:13:50,648 - run_experiments - INFO - train_dqn_agent:656 -   Initial epsilon: 1.0
2025-12-03 21:13:50,648 - run_experiments - INFO - train_dqn_agent:657 -   Epsilon decay: 0.995
2025-12-03 21:13:50,648 - run_experiments - INFO - train_dqn_agent:658 -   Seed: 42
2025-12-03 21:20:28,172 - run_experiments - INFO - train_dqn_agent:749 -   Episode 100/500: avg_reward=-41125.96, avg_sla=504.31, eps=0.606
2025-12-03 21:27:36,291 - run_experiments - INFO - train_dqn_agent:749 -   Episode 200/500: avg_reward=-21560.64, avg_sla=381.59, eps=0.367
2025-12-03 21:34:50,259 - run_experiments - INFO - train_dqn_agent:749 -   Episode 300/500: avg_reward=-18567.21, avg_sla=353.85, eps=0.222
2025-12-03 21:42:20,201 - run_experiments - INFO - train_dqn_agent:749 -   Episode 400/500: avg_reward=-21867.99, avg_sla=403.01, eps=0.135
2025-12-03 21:49:55,529 - run_experiments - INFO - train_dqn_agent:749 -   Episode 500/500: avg_reward=-25495.48, avg_sla=450.81, eps=0.082
2025-12-03 21:49:55,530 - run_experiments - INFO - train_dqn_agent:761 - DUELING_DQN training complete: final_reward=-25495.48, final_sla=450.81
2025-12-03 21:49:56,304 - run_experiments - INFO - save_model:168 - Model saved to /Users/ryan.healy/DS_MSDS/Cloud-Autoscaling-using-RL/artifacts/models/dueling_dqn_seasonal_500ep_20251203.pkl
2025-12-03 21:49:56,304 - run_experiments - INFO - save_results:981 - ==================================================
2025-12-03 21:49:56,304 - run_experiments - INFO - save_results:982 - Saving experiment results
2025-12-03 21:49:56,309 - run_experiments - INFO - save_results:1004 - JSON results saved to /Users/ryan.healy/DS_MSDS/Cloud-Autoscaling-using-RL/artifacts/results/results_20251203_214956.json
2025-12-03 21:49:56,403 - run_experiments - INFO - save_results:1066 - Plot saved to /Users/ryan.healy/DS_MSDS/Cloud-Autoscaling-using-RL/artifacts/plots/comparison_20251203_214956.png
2025-12-03 21:49:56,403 - run_experiments - INFO - train_reinforce_agent:841 - ==================================================
2025-12-03 21:49:56,403 - run_experiments - INFO - train_reinforce_agent:842 - Training REINFORCE Agent (Policy Gradient)
2025-12-03 21:49:56,403 - run_experiments - INFO - train_reinforce_agent:843 -   Episodes: 500
2025-12-03 21:49:56,403 - run_experiments - INFO - train_reinforce_agent:844 -   Learning rate: 0.001
2025-12-03 21:49:56,403 - run_experiments - INFO - train_reinforce_agent:845 -   Discount factor: 0.99
2025-12-03 21:49:56,403 - run_experiments - INFO - train_reinforce_agent:846 -   Use baseline: True
2025-12-03 21:50:13,160 - run_experiments - INFO - train_reinforce_agent:934 -   Episode 100/500: avg_reward=-17886.85, avg_sla=342.13, avg_loss=-10.71
2025-12-03 21:50:29,209 - run_experiments - INFO - train_reinforce_agent:934 -   Episode 200/500: avg_reward=-15894.54, avg_sla=329.09, avg_loss=-44.23
2025-12-03 21:50:45,097 - run_experiments - INFO - train_reinforce_agent:934 -   Episode 300/500: avg_reward=-16193.54, avg_sla=329.10, avg_loss=-17.34
2025-12-03 21:51:01,069 - run_experiments - INFO - train_reinforce_agent:934 -   Episode 400/500: avg_reward=-17081.98, avg_sla=328.22, avg_loss=16.33
2025-12-03 21:51:17,106 - run_experiments - INFO - train_reinforce_agent:934 -   Episode 500/500: avg_reward=-18983.20, avg_sla=354.48, avg_loss=16.55
2025-12-03 21:51:17,107 - run_experiments - INFO - train_reinforce_agent:947 - REINFORCE training complete: final_reward=-18983.20, final_sla=354.48
2025-12-03 21:51:17,845 - run_experiments - INFO - save_model:168 - Model saved to /Users/ryan.healy/DS_MSDS/Cloud-Autoscaling-using-RL/artifacts/models/reinforce_seasonal_500ep_20251203.pkl
2025-12-03 21:51:17,845 - run_experiments - INFO - save_results:981 - ==================================================
2025-12-03 21:51:17,845 - run_experiments - INFO - save_results:982 - Saving experiment results
2025-12-03 21:51:17,851 - run_experiments - INFO - save_results:1004 - JSON results saved to /Users/ryan.healy/DS_MSDS/Cloud-Autoscaling-using-RL/artifacts/results/results_20251203_215117.json
2025-12-03 21:51:17,948 - run_experiments - INFO - save_results:1066 - Plot saved to /Users/ryan.healy/DS_MSDS/Cloud-Autoscaling-using-RL/artifacts/plots/comparison_20251203_215117.png
2025-12-03 21:51:17,948 - run_experiments - INFO - main:1259 - ============================================================
2025-12-03 21:51:17,948 - run_experiments - INFO - main:1260 - EXPERIMENT SUMMARY
2025-12-03 21:51:17,948 - run_experiments - INFO - main:1261 - ============================================================
2025-12-03 21:51:17,948 - run_experiments - INFO - main:1264 - Baseline Policies:
2025-12-03 21:51:17,948 - run_experiments - INFO - main:1266 -   Random: reward=-74095.47, sla_violations=676.26
2025-12-03 21:51:17,948 - run_experiments - INFO - main:1266 -   Threshold: reward=-18158.12, sla_violations=365.00
2025-12-03 21:51:17,948 - run_experiments - INFO - main:1271 - Q-Learning: reward=-18465.73, sla=351.76
2025-12-03 21:51:17,948 - run_experiments - INFO - main:1276 - SARSA: reward=-18446.62, sla=350.61
2025-12-03 21:51:17,948 - run_experiments - INFO - main:1282 - DQN: reward=-23553.51, sla=425.58
2025-12-03 21:51:17,948 - run_experiments - INFO - main:1287 - Double DQN: reward=-22145.63, sla=403.84
2025-12-03 21:51:17,948 - run_experiments - INFO - main:1292 - Dueling DQN: reward=-25495.48, sla=450.81
2025-12-03 21:51:17,948 - run_experiments - INFO - main:1297 - REINFORCE: reward=-18983.20, sla=354.48
2025-12-03 21:51:17,948 - run_experiments - INFO - main:1301 - ============================================================
2025-12-03 21:51:17,948 - run_experiments - INFO - main:1302 - Total runtime: 2:31:11.733461
2025-12-03 21:51:17,948 - run_experiments - INFO - main:1303 - Experiments complete!
