2025-12-03 09:51:45,589 - run_experiments - INFO - setup_logging:97 - Logging initialized. Log file: /Users/ryan.healy/DS_MSDS/Cloud-Autoscaling-using-RL/artifacts/logs/experiment_20251203_095145.log
2025-12-03 09:51:45,589 - run_experiments - INFO - main:928 - ============================================================
2025-12-03 09:51:45,589 - run_experiments - INFO - main:929 - Cloud Autoscaling RL Experiments
2025-12-03 09:51:45,589 - run_experiments - INFO - main:930 - ============================================================
2025-12-03 09:51:45,589 - run_experiments - INFO - main:931 - Configuration:
2025-12-03 09:51:45,589 - run_experiments - INFO - main:932 -   Episodes: 50
2025-12-03 09:51:45,589 - run_experiments - INFO - main:933 -   Algorithm: q-learning
2025-12-03 09:51:45,589 - run_experiments - INFO - main:934 -   Seed: 42
2025-12-03 09:51:45,589 - run_experiments - INFO - main:935 -   Results directory: /Users/ryan.healy/DS_MSDS/Cloud-Autoscaling-using-RL/artifacts/results
2025-12-03 09:51:45,589 - run_experiments - INFO - main:936 -   Plots directory: /Users/ryan.healy/DS_MSDS/Cloud-Autoscaling-using-RL/artifacts/plots
2025-12-03 09:51:45,589 - run_experiments - INFO - main:937 -   Quick mode: False
2025-12-03 09:51:45,589 - run_experiments - INFO - main:938 -   Log level: INFO
2025-12-03 09:51:45,590 - run_experiments - INFO - main:939 -   Wandb logging: disabled
2025-12-03 09:51:45,590 - run_experiments - INFO - main:944 - Generating synthetic workload data...
2025-12-03 09:51:45,590 - run_experiments - INFO - main:951 - Environment created: state_space=MultiDiscrete([3 5 3]), action_space=Discrete(3)
2025-12-03 09:51:45,590 - run_experiments - INFO - train_q_learning_agent:287 - ==================================================
2025-12-03 09:51:45,590 - run_experiments - INFO - train_q_learning_agent:288 - Training Q-Learning Agent
2025-12-03 09:51:45,590 - run_experiments - INFO - train_q_learning_agent:289 -   Episodes: 50
2025-12-03 09:51:45,590 - run_experiments - INFO - train_q_learning_agent:290 -   Learning rate: 0.1
2025-12-03 09:51:45,590 - run_experiments - INFO - train_q_learning_agent:291 -   Discount factor: 0.95
2025-12-03 09:51:45,590 - run_experiments - INFO - train_q_learning_agent:292 -   Initial epsilon: 1.0
2025-12-03 09:51:45,590 - run_experiments - INFO - train_q_learning_agent:293 -   Epsilon decay: 0.995
2025-12-03 09:51:45,590 - run_experiments - INFO - train_q_learning_agent:294 -   Seed: 42
2025-12-03 09:51:45,916 - run_experiments - INFO - train_q_learning_agent:361 - Q-Learning training complete: final_reward=-36727.11, final_sla=0.00
2025-12-03 09:51:45,917 - run_experiments - INFO - save_model:148 - Model saved to /Users/ryan.healy/DS_MSDS/Cloud-Autoscaling-using-RL/artifacts/models/q_learning_50ep_20251203.pkl
2025-12-03 09:51:45,917 - run_experiments - INFO - save_results:776 - ==================================================
2025-12-03 09:51:45,917 - run_experiments - INFO - save_results:777 - Saving experiment results
2025-12-03 09:51:45,917 - run_experiments - INFO - save_results:799 - JSON results saved to /Users/ryan.healy/DS_MSDS/Cloud-Autoscaling-using-RL/artifacts/results/results_20251203_095145.json
2025-12-03 09:51:45,917 - run_experiments - INFO - main:1020 - ============================================================
2025-12-03 09:51:45,917 - run_experiments - INFO - main:1021 - EXPERIMENT SUMMARY
2025-12-03 09:51:45,917 - run_experiments - INFO - main:1022 - ============================================================
2025-12-03 09:51:45,917 - run_experiments - INFO - main:1032 - Q-Learning: reward=-36727.11, sla=0.00
2025-12-03 09:51:45,917 - run_experiments - INFO - main:1057 - ============================================================
2025-12-03 09:51:45,917 - run_experiments - INFO - main:1058 - Total runtime: 0:00:00.327407
2025-12-03 09:51:45,917 - run_experiments - INFO - main:1059 - Experiments complete!
