2025-12-03 15:18:36,150 - run_experiments - INFO - setup_logging:107 - Logging initialized. Log file: /Users/ryan.healy/DS_MSDS/Cloud-Autoscaling-using-RL/artifacts/logs/experiment_20251203_151836.log
2025-12-03 15:18:36,150 - run_experiments - INFO - main:1131 - ============================================================
2025-12-03 15:18:36,150 - run_experiments - INFO - main:1132 - Cloud Autoscaling RL Experiments
2025-12-03 15:18:36,150 - run_experiments - INFO - main:1133 - ============================================================
2025-12-03 15:18:36,150 - run_experiments - INFO - main:1134 - Configuration:
2025-12-03 15:18:36,151 - run_experiments - INFO - main:1135 -   Episodes: 100
2025-12-03 15:18:36,151 - run_experiments - INFO - main:1136 -   Algorithm: baselines
2025-12-03 15:18:36,151 - run_experiments - INFO - main:1137 -   Workload: bursty
2025-12-03 15:18:36,151 - run_experiments - INFO - main:1138 -   Seed: 42
2025-12-03 15:18:36,151 - run_experiments - INFO - main:1139 -   Results directory: /Users/ryan.healy/DS_MSDS/Cloud-Autoscaling-using-RL/artifacts/results
2025-12-03 15:18:36,151 - run_experiments - INFO - main:1140 -   Plots directory: /Users/ryan.healy/DS_MSDS/Cloud-Autoscaling-using-RL/artifacts/plots
2025-12-03 15:18:36,151 - run_experiments - INFO - main:1141 -   Quick mode: True
2025-12-03 15:18:36,151 - run_experiments - INFO - main:1142 -   Log level: INFO
2025-12-03 15:18:36,151 - run_experiments - INFO - main:1143 -   Wandb logging: disabled
2025-12-03 15:18:36,151 - run_experiments - INFO - main:1148 - Generating synthetic workload data...
2025-12-03 15:18:36,152 - run_experiments - INFO - main:1159 - Applied 'bursty' workload transformation
2025-12-03 15:18:36,152 - run_experiments - INFO - main:1166 - Environment config: cooldown=2, sla_weight=15.0
2025-12-03 15:18:36,152 - run_experiments - INFO - main:1169 - Environment created: state_space=MultiDiscrete([3 5 3]), action_space=Discrete(3)
2025-12-03 15:18:36,152 - run_experiments - INFO - run_baseline_policies:192 - ==================================================
2025-12-03 15:18:36,152 - run_experiments - INFO - run_baseline_policies:193 - Running baseline policies...
2025-12-03 15:18:36,152 - run_experiments - INFO - run_baseline_policies:194 - Number of episodes: 100
2025-12-03 15:18:36,402 - run_experiments - INFO - run_baseline_policies:226 - Random Policy completed: reward=-72418.94 ± 6652.02
2025-12-03 15:18:36,542 - run_experiments - INFO - run_baseline_policies:259 - Threshold Policy completed: reward=-13365.15 ± 0.00
2025-12-03 15:18:36,542 - run_experiments - INFO - run_baseline_policies:262 - Baseline policies evaluation complete
2025-12-03 15:18:36,542 - run_experiments - INFO - save_results:971 - ==================================================
2025-12-03 15:18:36,542 - run_experiments - INFO - save_results:972 - Saving experiment results
2025-12-03 15:18:36,543 - run_experiments - INFO - save_results:994 - JSON results saved to /Users/ryan.healy/DS_MSDS/Cloud-Autoscaling-using-RL/artifacts/results/results_20251203_151836.json
2025-12-03 15:18:36,543 - run_experiments - INFO - main:1247 - ============================================================
2025-12-03 15:18:36,543 - run_experiments - INFO - main:1248 - EXPERIMENT SUMMARY
2025-12-03 15:18:36,543 - run_experiments - INFO - main:1249 - ============================================================
2025-12-03 15:18:36,543 - run_experiments - INFO - main:1252 - Baseline Policies:
2025-12-03 15:18:36,543 - run_experiments - INFO - main:1254 -   Random: reward=-72418.94, sla_violations=0.00
2025-12-03 15:18:36,543 - run_experiments - INFO - main:1254 -   Threshold: reward=-13365.15, sla_violations=0.00
2025-12-03 15:18:36,543 - run_experiments - INFO - main:1289 - ============================================================
2025-12-03 15:18:36,543 - run_experiments - INFO - main:1290 - Total runtime: 0:00:00.391023
2025-12-03 15:18:36,543 - run_experiments - INFO - main:1291 - Experiments complete!
