2025-12-03 15:35:56,584 - run_experiments - INFO - setup_logging:107 - Logging initialized. Log file: /Users/ryan.healy/DS_MSDS/Cloud-Autoscaling-using-RL/artifacts/logs/experiment_20251203_153556.log
2025-12-03 15:35:56,584 - run_experiments - INFO - main:1143 - ============================================================
2025-12-03 15:35:56,584 - run_experiments - INFO - main:1144 - Cloud Autoscaling RL Experiments
2025-12-03 15:35:56,584 - run_experiments - INFO - main:1145 - ============================================================
2025-12-03 15:35:56,584 - run_experiments - INFO - main:1146 - Configuration:
2025-12-03 15:35:56,584 - run_experiments - INFO - main:1147 -   Episodes: 100
2025-12-03 15:35:56,584 - run_experiments - INFO - main:1148 -   Algorithm: baselines
2025-12-03 15:35:56,584 - run_experiments - INFO - main:1149 -   Workload: bursty
2025-12-03 15:35:56,584 - run_experiments - INFO - main:1150 -   Seed: 42
2025-12-03 15:35:56,584 - run_experiments - INFO - main:1151 -   Results directory: /Users/ryan.healy/DS_MSDS/Cloud-Autoscaling-using-RL/artifacts/results
2025-12-03 15:35:56,584 - run_experiments - INFO - main:1152 -   Plots directory: /Users/ryan.healy/DS_MSDS/Cloud-Autoscaling-using-RL/artifacts/plots
2025-12-03 15:35:56,584 - run_experiments - INFO - main:1153 -   Quick mode: True
2025-12-03 15:35:56,584 - run_experiments - INFO - main:1154 -   Log level: INFO
2025-12-03 15:35:56,584 - run_experiments - INFO - main:1155 -   Wandb logging: disabled
2025-12-03 15:35:56,584 - run_experiments - INFO - main:1160 - Generating synthetic workload data...
2025-12-03 15:35:56,585 - run_experiments - INFO - main:1171 - Applied 'bursty' workload transformation
2025-12-03 15:35:56,585 - run_experiments - INFO - main:1178 - Environment config: cooldown=2, sla_weight=15.0
2025-12-03 15:35:56,585 - run_experiments - INFO - main:1181 - Environment created: state_space=MultiDiscrete([3 5 3]), action_space=Discrete(3)
2025-12-03 15:35:56,585 - run_experiments - INFO - run_baseline_policies:202 - ==================================================
2025-12-03 15:35:56,585 - run_experiments - INFO - run_baseline_policies:203 - Running baseline policies...
2025-12-03 15:35:56,585 - run_experiments - INFO - run_baseline_policies:204 - Number of episodes: 100
2025-12-03 15:35:56,831 - run_experiments - INFO - run_baseline_policies:236 - Random Policy completed: reward=-72418.94 ± 6652.02
2025-12-03 15:35:56,973 - run_experiments - INFO - run_baseline_policies:269 - Threshold Policy completed: reward=-13365.15 ± 0.00
2025-12-03 15:35:56,973 - run_experiments - INFO - run_baseline_policies:272 - Baseline policies evaluation complete
2025-12-03 15:35:56,973 - run_experiments - INFO - save_results:981 - ==================================================
2025-12-03 15:35:56,973 - run_experiments - INFO - save_results:982 - Saving experiment results
2025-12-03 15:35:56,974 - run_experiments - INFO - save_results:1004 - JSON results saved to /Users/ryan.healy/DS_MSDS/Cloud-Autoscaling-using-RL/artifacts/results/results_20251203_153556.json
2025-12-03 15:35:56,974 - run_experiments - INFO - main:1259 - ============================================================
2025-12-03 15:35:56,974 - run_experiments - INFO - main:1260 - EXPERIMENT SUMMARY
2025-12-03 15:35:56,974 - run_experiments - INFO - main:1261 - ============================================================
2025-12-03 15:35:56,974 - run_experiments - INFO - main:1264 - Baseline Policies:
2025-12-03 15:35:56,974 - run_experiments - INFO - main:1266 -   Random: reward=-72418.94, sla_violations=660.32
2025-12-03 15:35:56,974 - run_experiments - INFO - main:1266 -   Threshold: reward=-13365.15, sla_violations=291.00
2025-12-03 15:35:56,974 - run_experiments - INFO - main:1301 - ============================================================
2025-12-03 15:35:56,974 - run_experiments - INFO - main:1302 - Total runtime: 0:00:00.388364
2025-12-03 15:35:56,974 - run_experiments - INFO - main:1303 - Experiments complete!
