2025-12-02 18:53:06,659 - run_experiments - INFO - setup_logging:79 - Logging initialized. Log file: /Users/ryan.healy/DS_MSDS/Cloud-Autoscaling-using-RL/artifacts/results/logs/experiment_20251202_185306.log
2025-12-02 18:53:06,659 - run_experiments - INFO - main:496 - ============================================================
2025-12-02 18:53:06,659 - run_experiments - INFO - main:497 - Cloud Autoscaling RL Experiments
2025-12-02 18:53:06,659 - run_experiments - INFO - main:498 - ============================================================
2025-12-02 18:53:06,659 - run_experiments - INFO - main:499 - Configuration:
2025-12-02 18:53:06,659 - run_experiments - INFO - main:500 -   Episodes: 100
2025-12-02 18:53:06,659 - run_experiments - INFO - main:501 -   Algorithm: q-learning
2025-12-02 18:53:06,659 - run_experiments - INFO - main:502 -   Seed: 42
2025-12-02 18:53:06,659 - run_experiments - INFO - main:503 -   Output directory: /Users/ryan.healy/DS_MSDS/Cloud-Autoscaling-using-RL/artifacts/results
2025-12-02 18:53:06,659 - run_experiments - INFO - main:504 -   Quick mode: True
2025-12-02 18:53:06,659 - run_experiments - INFO - main:505 -   Log level: INFO
2025-12-02 18:53:06,659 - run_experiments - INFO - main:508 - Generating synthetic workload data...
2025-12-02 18:53:06,659 - run_experiments - INFO - main:513 - Environment created: state_space=MultiDiscrete([3 5 3]), action_space=Discrete(3)
2025-12-02 18:53:06,659 - run_experiments - INFO - train_q_learning_agent:202 - ==================================================
2025-12-02 18:53:06,659 - run_experiments - INFO - train_q_learning_agent:203 - Training Q-Learning Agent
2025-12-02 18:53:06,659 - run_experiments - INFO - train_q_learning_agent:204 -   Episodes: 100
2025-12-02 18:53:06,659 - run_experiments - INFO - train_q_learning_agent:205 -   Learning rate: 0.1
2025-12-02 18:53:06,659 - run_experiments - INFO - train_q_learning_agent:206 -   Discount factor: 0.95
2025-12-02 18:53:06,659 - run_experiments - INFO - train_q_learning_agent:207 -   Initial epsilon: 1.0
2025-12-02 18:53:06,659 - run_experiments - INFO - train_q_learning_agent:208 -   Epsilon decay: 0.995
2025-12-02 18:53:06,659 - run_experiments - INFO - train_q_learning_agent:209 -   Seed: 42
2025-12-02 18:53:07,228 - run_experiments - INFO - train_q_learning_agent:250 -   Episode 100/100: avg_reward=-904662.40, avg_sla=0.00, eps=0.606
2025-12-02 18:53:07,228 - run_experiments - INFO - train_q_learning_agent:254 - Q-Learning training complete: final_reward=-904662.40, final_sla=0.00
2025-12-02 18:53:07,228 - run_experiments - INFO - save_results:395 - ==================================================
2025-12-02 18:53:07,228 - run_experiments - INFO - save_results:396 - Saving experiment results
2025-12-02 18:53:07,228 - run_experiments - INFO - save_results:416 - JSON results saved to /Users/ryan.healy/DS_MSDS/Cloud-Autoscaling-using-RL/artifacts/results/results_20251202_185307.json
2025-12-02 18:53:07,228 - run_experiments - INFO - main:541 - ============================================================
2025-12-02 18:53:07,229 - run_experiments - INFO - main:542 - EXPERIMENT SUMMARY
2025-12-02 18:53:07,229 - run_experiments - INFO - main:543 - ============================================================
2025-12-02 18:53:07,229 - run_experiments - INFO - main:551 - Q-Learning: reward=-904662.40, sla=0.00
2025-12-02 18:53:07,229 - run_experiments - INFO - main:556 - ============================================================
2025-12-02 18:53:07,229 - run_experiments - INFO - main:557 - Total runtime: 0:00:00.569280
2025-12-02 18:53:07,229 - run_experiments - INFO - main:558 - Experiments complete!
