2025-12-02 19:06:13,777 - run_experiments - INFO - setup_logging:79 - Logging initialized. Log file: /Users/ryan.healy/DS_MSDS/Cloud-Autoscaling-using-RL/artifacts/results/logs/experiment_20251202_190613.log
2025-12-02 19:06:13,777 - run_experiments - INFO - main:489 - ============================================================
2025-12-02 19:06:13,777 - run_experiments - INFO - main:490 - Cloud Autoscaling RL Experiments
2025-12-02 19:06:13,777 - run_experiments - INFO - main:491 - ============================================================
2025-12-02 19:06:13,777 - run_experiments - INFO - main:492 - Configuration:
2025-12-02 19:06:13,777 - run_experiments - INFO - main:493 -   Episodes: 100
2025-12-02 19:06:13,777 - run_experiments - INFO - main:494 -   Algorithm: q-learning
2025-12-02 19:06:13,777 - run_experiments - INFO - main:495 -   Seed: 42
2025-12-02 19:06:13,777 - run_experiments - INFO - main:496 -   Output directory: /Users/ryan.healy/DS_MSDS/Cloud-Autoscaling-using-RL/artifacts/results
2025-12-02 19:06:13,777 - run_experiments - INFO - main:497 -   Quick mode: True
2025-12-02 19:06:13,777 - run_experiments - INFO - main:498 -   Log level: INFO
2025-12-02 19:06:13,777 - run_experiments - INFO - main:501 - Generating synthetic workload data...
2025-12-02 19:06:13,778 - run_experiments - INFO - main:506 - Environment created: state_space=MultiDiscrete([3 5 3]), action_space=Discrete(3)
2025-12-02 19:06:13,778 - run_experiments - INFO - train_q_learning_agent:195 - ==================================================
2025-12-02 19:06:13,778 - run_experiments - INFO - train_q_learning_agent:196 - Training Q-Learning Agent
2025-12-02 19:06:13,778 - run_experiments - INFO - train_q_learning_agent:197 -   Episodes: 100
2025-12-02 19:06:13,778 - run_experiments - INFO - train_q_learning_agent:198 -   Learning rate: 0.1
2025-12-02 19:06:13,778 - run_experiments - INFO - train_q_learning_agent:199 -   Discount factor: 0.95
2025-12-02 19:06:13,778 - run_experiments - INFO - train_q_learning_agent:200 -   Initial epsilon: 1.0
2025-12-02 19:06:13,778 - run_experiments - INFO - train_q_learning_agent:201 -   Epsilon decay: 0.995
2025-12-02 19:06:13,778 - run_experiments - INFO - train_q_learning_agent:202 -   Seed: 42
2025-12-02 19:06:14,340 - run_experiments - INFO - train_q_learning_agent:242 - Q-Learning training complete: final_reward=-904662.40, final_sla=0.00
2025-12-02 19:06:14,340 - run_experiments - INFO - save_results:388 - ==================================================
2025-12-02 19:06:14,340 - run_experiments - INFO - save_results:389 - Saving experiment results
2025-12-02 19:06:14,341 - run_experiments - INFO - save_results:409 - JSON results saved to /Users/ryan.healy/DS_MSDS/Cloud-Autoscaling-using-RL/artifacts/results/results_20251202_190614.json
2025-12-02 19:06:14,341 - run_experiments - INFO - main:534 - ============================================================
2025-12-02 19:06:14,341 - run_experiments - INFO - main:535 - EXPERIMENT SUMMARY
2025-12-02 19:06:14,341 - run_experiments - INFO - main:536 - ============================================================
2025-12-02 19:06:14,341 - run_experiments - INFO - main:544 - Q-Learning: reward=-904662.40, sla=0.00
2025-12-02 19:06:14,341 - run_experiments - INFO - main:549 - ============================================================
2025-12-02 19:06:14,341 - run_experiments - INFO - main:550 - Total runtime: 0:00:00.562944
2025-12-02 19:06:14,341 - run_experiments - INFO - main:551 - Experiments complete!
